
Auditoria v6 — es/curso.html   (celular 390px, 3 temas)
1ª visita: trilha 2 controles · aula 3 controles

Aula 1: 10/10 APROVADA  · 268 palavras de prosa · 3 steps · frases >22: 0/28 · visuais reais 2 · cena 107 KB · 15 min

Aula 2: 10/10 APROVADA  · 254 palavras de prosa · 3 steps · frases >22: 0/26 · visuais reais 2 · cena 141 KB · 15 min

Aula 3: 10/10 APROVADA  · 249 palavras de prosa · 3 steps · frases >22: 0/30 · visuais reais 2 · cena 135 KB · 15 min

Aula 4: 10/10 APROVADA  · 242 palavras de prosa · 3 steps · frases >22: 0/27 · visuais reais 2 · cena 132 KB · 15 min

Aula 5: 10/10 APROVADA  · 223 palavras de prosa · 3 steps · frases >22: 0/26 · visuais reais 2 · cena 93 KB · 15 min

Aula 6: 10/10 APROVADA  · 285 palavras de prosa · 3 steps · frases >22: 0/31 · visuais reais 2 · cena 101 KB · 15 min

Aula 7: 10/10 APROVADA  · 286 palavras de prosa · 3 steps · frases >22: 0/28 · visuais reais 2 · cena 75 KB · 15 min

Aula 8: 10/10 APROVADA  · 246 palavras de prosa · 3 steps · frases >22: 0/24 · visuais reais 2 · cena 111 KB · 15 min

Aula 9: 10/10 APROVADA  · 249 palavras de prosa · 3 steps · frases >22: 0/26 · visuais reais 2 · cena 96 KB · 15 min

Aula 10: 10/10 APROVADA  · 286 palavras de prosa · 3 steps · frases >22: 0/30 · visuais reais 2 · cena 88 KB · 15 min

Aula 11: 10/10 APROVADA  · 269 palavras de prosa · 3 steps · frases >22: 0/27 · visuais reais 2 · cena 68 KB · 15 min

Aula 12: 10/10 APROVADA  · 260 palavras de prosa · 3 steps · frases >22: 0/26 · visuais reais 2 · cena 137 KB · 15 min

Aula 13: 10/10 APROVADA  · 238 palavras de prosa · 3 steps · frases >22: 0/24 · visuais reais 2 · cena 77 KB · 15 min

Aula 14: 10/10 APROVADA  · 253 palavras de prosa · 3 steps · frases >22: 0/26 · visuais reais 2 · cena 84 KB · 15 min

Aula 15: 10/10 APROVADA  · 251 palavras de prosa · 3 steps · frases >22: 0/24 · visuais reais 2 · cena 50 KB · 15 min

Aula 16: 10/10 APROVADA  · 270 palavras de prosa · 3 steps · frases >22: 0/27 · visuais reais 2 · cena 94 KB · 15 min

Aula 17: 10/10 APROVADA  · 267 palavras de prosa · 3 steps · frases >22: 0/28 · visuais reais 2 · cena 101 KB · 15 min

Aula 18: 10/10 APROVADA  · 287 palavras de prosa · 3 steps · frases >22: 0/28 · visuais reais 2 · cena 100 KB · 15 min

Média: 10.0/10 · aprovadas 18/18
Lembrete: o critério 1 é proxy — confirme com o leitor simulado (TESTE-HUMANO.md) antes de dar a aula por aprovada.
